>>> say_my_name = __import__('3-say_my_name').say_my_name

Test normal usage:
>>> say_my_name("John", "Smith")
My name is John Smith
>>> say_my_name("Walter", "White")
My name is Walter White
>>> say_my_name("Bob")
My name is Bob 

Test invalid type for first_name:
>>> say_my_name(12, "White")
Traceback (most recent call last):
...
TypeError: first_name must be a string
>>> say_my_name(True, "Smith")
Traceback (most recent call last):
...
TypeError: first_name must be a string
>>> say_my_name(["John"], "Doe")
Traceback (most recent call last):
...
TypeError: first_name must be a string
>>> say_my_name("Jhon", 2.0)
Traceback (most recent call last):
...
TypeError: last_name must be a string
>>> say_my_name("Jhon", [])
Traceback (most recent call last):
...
TypeError: last_name must be a string
>>> say_my_name(["Klark"], [])
Traceback (most recent call last):
...
TypeError: first_name must be a string

Test for no argument:
>>> say_my_name()
Traceback (most recent call last):
...
TypeError: say_my_name() missing 1 required positional argument: 'first_name'

Test for extra argument:
>>> say_my_name("Jhon", "Smith", "white")
Traceback (most recent call last):
...
TypeError: say_my_name() takes from 1 to 2 positional arguments but 3 were given
